// Jest Snapshot v1, https://goo.gl/fbAQLP

exports[`form schema 1`] = `
<div>
  <div
    class="m78 m78-cell"
  >
    <div
      class="m78-cell_cont m78-flex-wrap"
      style="margin: 0px;"
    >
      <div
        class="m78 m78-cell_col"
        style="width: 100%; padding: 0px;"
      >
        <div
          class="m78 m78-row m78-tile m78-lay m78-form_field m78-form_horizontal __none m78-cross-start"
          style="max-width: 440px;"
        >
          <div
            class="m78-tile_leading"
          >
            <div
              class="m78-form_label m78-form_horizontal-label"
            >
              <span
                class="color-red fs-md vm mr"
              >
                *
              </span>
              姓名
            </div>
          </div>
          <div
            class="m78-tile_main"
          >
            <div
              class="m78-tile_cont"
            >
              <div
                class="m78-form_unit"
              >
                <span
                  class="m78 m78-init m78-input"
                >
                  <input
                    class="m78-input_inner"
                    type="text"
                    value="m78"
                  />
                </span>
                <div
                  class="m78-form_bubble-error"
                  style="opacity: 0; visibility: hidden;"
                />
              </div>
              <div
                class="m78-form_describe"
              >
                填入你的姓名, 填入你的姓名填入你的姓名填入你的姓名填入你的姓名填入你的姓名, 填入你的姓名.
              </div>
              <div
                class="m78-form_error"
                role="alert"
                style="opacity: 0; visibility: hidden;"
              />
            </div>
          </div>
        </div>
      </div>
      <div
        class="m78 m78-cell_col"
        style="width: 100%; padding: 0px;"
      >
        <div
          class="m78 m78-row m78-tile m78-lay m78-form_field m78-form_horizontal __none m78-cross-start"
          style="max-width: 440px;"
        >
          <div
            class="m78-tile_leading"
          >
            <div
              class="m78-form_label m78-form_horizontal-label"
            >
              <span
                class="color-red fs-md vm mr"
              >
                *
              </span>
              描述
            </div>
          </div>
          <div
            class="m78-tile_main"
          >
            <div
              class="m78-tile_cont"
            >
              <div
                class="m78-form_unit"
              >
                <span
                  class="m78 m78-init m78-input __textarea"
                >
                  <textarea
                    class="m78-input_inner"
                    style="height: 0px; overflow: hidden; resize: none;"
                    type="text"
                  />
                  <textarea
                    class="m78-input_inner"
                    style="height: 0px; overflow: hidden; resize: none; position: absolute; visibility: hidden;"
                    type="text"
                  />
                </span>
                <div
                  class="m78-form_bubble-error"
                  style="opacity: 0; visibility: hidden;"
                />
              </div>
              <div
                class="m78-form_error"
                role="alert"
                style="opacity: 0; visibility: hidden;"
              />
            </div>
          </div>
        </div>
      </div>
      <div
        class="m78 m78-cell_col"
        style="width: 100%; padding: 0px;"
      >
        <div
          class="m78 m78-row m78-tile m78-lay m78-form_field m78-form_horizontal __none m78-cross-start"
          style="max-width: 440px;"
        >
          <div
            class="m78-tile_leading"
          >
            <div
              class="m78-form_label m78-form_horizontal-label"
            >
              <span
                class="color-red fs-md vm mr"
              >
                *
              </span>
              对象
            </div>
          </div>
          <div
            class="m78-tile_main"
          >
            <div
              class="m78-tile_cont"
            >
              <div
                class="m78-form_unit"
              >
                <div
                  class="m78 m78-row m78-cross-start"
                >
                  <div
                    class="m78-form_multi-column"
                  >
                    <div
                      class="m78 m78-row m78-tile m78-lay m78-form_field m78-form_horizontal __none m78-cross-start"
                      style="max-width: 440px;"
                    >
                      <div
                        class="m78-tile_main"
                      >
                        <div
                          class="m78-tile_cont"
                        >
                          <div
                            class="m78-form_unit"
                          >
                            <span
                              class="m78 m78-init m78-input"
                            >
                              <input
                                class="m78-input_inner"
                                placeholder="名称"
                                type="text"
                                value=""
                              />
                            </span>
                            <div
                              class="m78-form_bubble-error"
                              style="opacity: 0; visibility: hidden;"
                            />
                          </div>
                          <div
                            class="m78-form_error"
                            role="alert"
                            style="opacity: 0; visibility: hidden;"
                          />
                        </div>
                      </div>
                    </div>
                  </div>
                  <div
                    class="m78-form_multi-column"
                  >
                    <div
                      class="m78 m78-row m78-tile m78-lay m78-form_field m78-form_horizontal __none m78-cross-start"
                      style="max-width: 440px;"
                    >
                      <div
                        class="m78-tile_main"
                      >
                        <div
                          class="m78-tile_cont"
                        >
                          <div
                            class="m78-form_unit"
                          >
                            <span
                              class="m78 m78-init m78-input"
                            >
                              <input
                                class="m78-input_inner"
                                placeholder="描述"
                                type="text"
                                value=""
                              />
                            </span>
                            <div
                              class="m78-form_bubble-error"
                              style="opacity: 0; visibility: hidden;"
                            />
                          </div>
                          <div
                            class="m78-form_error"
                            role="alert"
                            style="opacity: 0; visibility: hidden;"
                          />
                        </div>
                      </div>
                    </div>
                  </div>
                </div>
                <div
                  class="m78-form_bubble-error"
                  style="opacity: 0; visibility: hidden;"
                />
              </div>
              <div
                class="m78-form_error m78-form_empty-hide"
                role="alert"
                style="opacity: 0; visibility: hidden;"
              />
            </div>
          </div>
        </div>
      </div>
      <div
        class="m78 m78-cell_col"
        style="width: 100%; padding: 0px;"
      >
        <div
          class="m78 m78-row m78-tile m78-lay m78-form_field m78-form_horizontal __none m78-cross-start"
          style="max-width: 440px;"
        >
          <div
            class="m78-tile_leading"
          >
            <div
              class="m78-form_label m78-form_horizontal-label"
            >
              <span
                class="color-red fs-md vm mr"
              >
                *
              </span>
              列表
            </div>
          </div>
          <div
            class="m78-tile_main"
          >
            <div
              class="m78-tile_cont"
            >
              <div
                class="m78-form_unit"
              >
                <div
                  class="m78-form_list-wrap"
                >
                  <div>
                    <button
                      class="m78 m78-init m78-btn m78-effect __md"
                      type="button"
                    >
                      add item
                      <svg
                        class="m78 m78-icon m78-icon_icon-add-circle-outline"
                        data-name="icon-add-circle-outline"
                        focusable="false"
                        height="24"
                        style="margin-left: 4px;"
                        viewBox="0 0 24 24"
                        width="24"
                        xmlns="http://www.w3.org/2000/svg"
                      >
                        <path
                          d="M12 7c-.55 0-1 .45-1 1v3H8c-.55 0-1 .45-1 1s.45 1 1 1h3v3c0 .55.45 1 1 1s1-.45 1-1v-3h3c.55 0 1-.45 1-1s-.45-1-1-1h-3V8c0-.55-.45-1-1-1zm0-5C6.48 2 2 6.48 2 12s4.48 10 10 10 10-4.48 10-10S17.52 2 12 2zm0 18c-4.41 0-8-3.59-8-8s3.59-8 8-8 8 3.59 8 8-3.59 8-8 8z"
                        />
                      </svg>
                    </button>
                  </div>
                </div>
                <div
                  class="m78-form_bubble-error"
                  style="opacity: 0; visibility: hidden;"
                />
              </div>
              <div
                class="m78-form_error"
                role="alert"
                style="opacity: 0; visibility: hidden;"
              />
            </div>
          </div>
        </div>
      </div>
      <div
        class="m78 m78-cell_col"
        style="width: 100%; padding: 0px;"
      >
        <div
          class="m78 m78-row m78-tile m78-lay m78-form_field m78-form_horizontal __none m78-cross-start"
          style="max-width: 440px;"
        >
          <div
            class="m78-tile_leading"
          >
            <div
              class="m78-form_label m78-form_horizontal-label"
            >
              <span
                class="color-red fs-md vm mr"
              >
                *
              </span>
              列表3
            </div>
          </div>
          <div
            class="m78-tile_main"
          >
            <div
              class="m78-tile_cont"
            >
              <div
                class="m78-form_unit"
              >
                <div
                  class="m78-form_list-wrap"
                >
                  <div>
                    <button
                      class="m78 m78-init m78-btn m78-effect __md"
                      type="button"
                    >
                      add item
                      <svg
                        class="m78 m78-icon m78-icon_icon-add-circle-outline"
                        data-name="icon-add-circle-outline"
                        focusable="false"
                        height="24"
                        style="margin-left: 4px;"
                        viewBox="0 0 24 24"
                        width="24"
                        xmlns="http://www.w3.org/2000/svg"
                      >
                        <path
                          d="M12 7c-.55 0-1 .45-1 1v3H8c-.55 0-1 .45-1 1s.45 1 1 1h3v3c0 .55.45 1 1 1s1-.45 1-1v-3h3c.55 0 1-.45 1-1s-.45-1-1-1h-3V8c0-.55-.45-1-1-1zm0-5C6.48 2 2 6.48 2 12s4.48 10 10 10 10-4.48 10-10S17.52 2 12 2zm0 18c-4.41 0-8-3.59-8-8s3.59-8 8-8 8 3.59 8 8-3.59 8-8 8z"
                        />
                      </svg>
                    </button>
                  </div>
                </div>
                <div
                  class="m78-form_bubble-error"
                  style="opacity: 0; visibility: hidden;"
                />
              </div>
              <div
                class="m78-form_error"
                role="alert"
                style="opacity: 0; visibility: hidden;"
              />
            </div>
          </div>
        </div>
      </div>
      <div
        class="m78 m78-cell_col"
        style="width: 100%; padding: 0px;"
      >
        <div
          class="m78 m78-row m78-tile m78-lay m78-form_field m78-form_horizontal __none m78-cross-start"
          style="max-width: 440px;"
        >
          <div
            class="m78-tile_leading"
          >
            <div
              class="m78-form_label m78-form_horizontal-label"
            >
               
            </div>
          </div>
          <div
            class="m78-tile_main"
          >
            <div
              class="m78-tile_cont"
            >
              <div
                class="m78-form_unit"
              >
                <div>
                  <button
                    class="m78 m78-init m78-btn m78-effect __md"
                    type="button"
                  >
                    reset
                  </button>
                  <button
                    class="m78 m78-init m78-btn m78-effect __md __primary __light"
                    style="min-width: 80px;"
                    type="button"
                  >
                    submit
                  </button>
                </div>
                <div
                  class="m78-form_bubble-error"
                  style="opacity: 0; visibility: hidden;"
                />
              </div>
              <div
                class="m78-form_error"
                role="alert"
                style="opacity: 0; visibility: hidden;"
              />
            </div>
          </div>
        </div>
      </div>
    </div>
  </div>
</div>
`;
